<html>
<body>
<pre>
<h1>µVision Build Log</h1>
<h2>Tool Versions:</h2>
IDE-Version: ¦ÌVision V5.37.0.0
Copyright (C) 2022 ARM Ltd and ARM Germany GmbH. All rights reserved.
License Information: 5 5, 5, LIC=NQQMA-1IYAP-CXLU6-DQIJD-8XHRH-34U83
 
Tool Versions:
Toolchain:       MDK-ARM Plus  Version: 5.37.0.0
Toolchain Path:  D:\Keil5\ARM\ARMCC\Bin
C Compiler:      Armcc.exe V5.06 update 5 (build 528)
Assembler:       Armasm.exe V5.06 update 5 (build 528)
Linker/Locator:  ArmLink.exe V5.06 update 5 (build 528)
Library Manager: ArmAr.exe V5.06 update 5 (build 528)
Hex Converter:   FromElf.exe V5.06 update 5 (build 528)
CPU DLL:         SARMCM3.DLL V5.37.0.0
Dialog DLL:      DCM.DLL V1.17.5.0
Target DLL:      CMSIS_AGDI.dll V1.33.12.0
Dialog DLL:      TCM.DLL V1.56.1.0
 
<h2>Project:</h2>
D:\Keil A\123\nuedc GREEN\nuedc-STM\MDK-ARM\nuedc.uvprojx
Project File Date:  08/05/2023

<h2>Output:</h2>
*** Using Compiler 'V5.06 update 5 (build 528)', folder: 'D:\Keil5\ARM\ARMCC\Bin'
Build target 'nuedc'
compiling main.c...
../Core/Inc/paixu.h(4): warning:  #1295-D: Deprecated declaration shunshizhen_4paixv_change - give arg types
  int shunshizhen_4paixv_change() ;
../Core/Inc/paixu.h(5): warning:  #1295-D: Deprecated declaration change_pwmset - give arg types
  void change_pwmset();
../Core/Src/main.c(92): warning:  #177-D: variable "string"  was declared but never referenced
  uint8_t string[20];
../Core/Src/main.c(93): warning:  #177-D: variable "flag"  was declared but never referenced
    uint8_t  flag = 1;
../Core/Src/main.c(94): warning:  #177-D: variable "i"  was declared but never referenced
      int i = 0;
../Core/Src/main.c: 5 warnings, 0 errors
linking...
Program Size: Code=9968 RO-data=312 RW-data=28 ZI-data=1428  
FromELF: creating hex file...
"nuedc\nuedc.axf" - 0 Error(s), 5 Warning(s).

<h2>Software Packages used:</h2>

Package Vendor: ARM
                http://www.keil.com/pack/ARM.CMSIS.5.9.0.pack
                ARM.CMSIS.5.9.0
                CMSIS (Common Microcontroller Software Interface Standard)
   * Component: CORE Version: 5.6.0

Package Vendor: Keil
                http://www.keil.com/pack/Keil.CS32F1xx_DFP.1.0.0.pack
                Keil.CS32F1xx_DFP.1.0.0
                CKS CS32F1 Series Device Support, Drivers

<h2>Collection of Component include folders:</h2>
  ./RTE/_nuedc
  D:/Keil5/ARM/PACK/ARM/CMSIS/5.9.0/CMSIS/Core/Include
  D:/Keil5/ARM/PACK/Keil/CS32F1xx_DFP/1.0.0/Device/Include

<h2>Collection of Component Files used:</h2>

   * Component: ARM::CMSIS:CORE:5.6.0
Build Time Elapsed:  00:00:02
</pre>
</body>
</html>
